
> vibe-plugin@0.0.0 test
> vitest run tests/ColorNamer.test.ts


[1m[46m RUN [49m[22m [36mv4.0.18 [39m[90mE:/vibe-plugin/vibe-plugin[39m

[90mstdout[2m | tests/ColorNamer.test.ts
[22m[39m[Test Setup] Global Figma Mock Injected

[90mstdout[2m | tests/ColorNamer.test.ts[2m > [22m[2mColorNamer Intelligent Engine[2m > [22m[2mshould handle exact matches with 100% confidence
[22m[39m≡اذ Vibe Architect: Intelligent Engine active with 1 nodes.

[90mstdout[2m | tests/ColorNamer.test.ts[2m > [22m[2mColorNamer Intelligent Engine[2m > [22m[2mshould handle near matches using CIEDE2000
[22m[39m≡اذ Vibe Architect: Intelligent Engine active with 1 nodes.

[90mstdout[2m | tests/ColorNamer.test.ts[2m > [22m[2mColorNamer Intelligent Engine[2m > [22m[2mshould use weighted hue priority for ambiguous colors
[22m[39m≡اذ Vibe Architect: Intelligent Engine active with 1 nodes.

[90mstdout[2m | tests/ColorNamer.test.ts[2m > [22m[2mColorNamer Intelligent Engine[2m > [22m[2mshould use weighted hue priority for ambiguous colors
[22m[39mDE: 5.819784152369855, WDE: 7.183869400102224

 [31mظإ»[39m tests/ColorNamer.test.ts [2m([22m[2m4 tests[22m[2m | [22m[31m1 failed[39m[2m)[22m[32m 15[2mms[22m[39m
     [32mظ£ô[39m should handle exact matches with 100% confidence[32m 4[2mms[22m[39m
     [32mظ£ô[39m should handle near matches using CIEDE2000[32m 1[2mms[22m[39m
     [32mظ£ô[39m should fallback to algorithmic naming for unknown colors[32m 1[2mms[22m[39m
[31m     [31m├ù[31m should use weighted hue priority for ambiguous colors[39m[32m 8[2mms[22m[39m
node.exe : 
At line:1 char:1
+ & "C:\Program Files\nodejs/node.exe" "C:\Program Files\nodejs/node_mo ...
+ ~~~~~~~~~~~~~~~~~~~~~~~~~~~~~~~~~~~~~~~~~~~~~~~~~~~~~~~~~~~~~~~~~~~~~
    + CategoryInfo          : NotSpecified: (:String) [], RemoteException
    + FullyQualifiedErrorId : NativeCommandError
 
[31mظ»ظ»ظ»ظ»ظ»ظ»ظ»[39m[1m[41m Failed Tests 1 [49m[22m[31mظ»ظ»ظ»ظ»ظ»ظ»ظ»[39m

[41m[1m FAIL [22m[49m tests/ColorNamer.test.ts[2m > [22mColorNamer Intelligent Engine[2m > [22mshould use 
weighted hue priority for ambiguous colors
[31m[1mAssertionError[22m: expected 'blue-800' to be 'deep-blue' // Object.is equality[39m

Expected: [32m"[7mdeep-[27mblue"[39m
Received: [31m"blue[7m-800[27m"[39m

[36m [2mظإ»[22m tests/ColorNamer.test.ts:[2m73:29[22m[39m
    [90m 71| [39m        console[33m.[39m[34mlog[39m([32m`DE: [39m[36m${[39mde[36m}[39m[32m, WDE: 
[39m[36m${[39mwde[36m}[39m[32m`[39m)[33m;[39m
    [90m 72| [39m
    [90m 73| [39m        
[34mexpect[39m(result[33m.[39mname)[33m.[39m[34mtoBe[39m([32m'deep-blue'[39m)[33m;[39m
    [90m   | [39m                            [31m^[39m
    [90m 74| [39m        
[34mexpect[39m(result[33m.[39msource)[33m.[39m[34mtoBe[39m([32m'db_approx'[39m)[33m;[39m
    [90m 75| [39m    })[33m;[39m

[31m[2mظ»ظ»ظ»ظ»ظ»ظ»ظ»ظ»ظ»ظ»ظ»ظ»ظ»ظ»ظ»ظ»ظ»ظ»ظ»ظ»ظ»ظ»ظ»ظ»[1/1]ظ»[22m[39m


[2m Test Files [22m [1m[31m1 failed[39m[22m[90m (1)[39m
[2m      Tests [22m [1m[31m1 failed[39m[22m[2m | [22m[1m[32m3 passed[39m[22m[90m (4)[39m
[2m   Start at [22m 16:44:04
[2m   Duration [22m 1.90s[2m (transform 119ms, setup 53ms, import 171ms, tests 15ms, environment 1.29s)[22m

